// Jest Snapshot v1, https://goo.gl/fbAQLP

exports[`Snapshot test of the rendering 1`] = `
<div>
  <Header />
  <div
    className="page-header"
  >
    <div
      className="content-container"
    >
      <h1
        className="page-header__title"
      >
        Add Song
      </h1>
    </div>
  </div>
  <div
    className="content-container"
  >
    <SongForm
      onSubmit={[Function]}
    />
  </div>
</div>
`;
