// Jest Snapshot v1, https://goo.gl/fbAQLP

exports[`Testing Not Found rendering 1`] = `
<div>
  <div
    className="content-container"
  >
    <div
      className="content-navbar"
    >
      <Link
        className="button"
        to="/import"
      >
        Import Data
      </Link>
      <Link
        className="button"
        to="/create"
      >
        Log New Pick
      </Link>
    </div>
    <Connect(PickListFilters) />
    <Connect(PickList) />
  </div>
</div>
`;
